✔ createEngineAnimationController parity (1.609084ms)
✔ api docs coverage and EN/CN parity baseline (67.975875ms)
✔ backend adapter registry default modes remain canonical (3.358375ms)
✔ backend adapter registry resolves injected fake adapter deterministically (0.176042ms)
✔ backend adapter registry falls back to no-op backend when mode is missing (0.14975ms)
✔ protocol backend selection remains canonical-equivalent (1.422542ms)
✔ backend selector default probe order remains architecture-priority (2.298958ms)
✔ backend selector resolves first eligible probe deterministically (0.155708ms)
✔ backend selector preserves explicit requested mode (0.095875ms)
✔ command replay skeleton deterministic events (12.182042ms)
✔ compiler module compile parity (1.506542ms)
✔ runtime backend foundation descriptor set is complete (1.445084ms)
✔ runtime backend foundation descriptors keep required error codes (0.085209ms)
✔ runtime backend foundation descriptor resolver returns canonical entries (0.082625ms)
✔ runtime backend availability and fallback trace semantics remain stable (0.323958ms)
✔ runtime command foundation descriptor set is complete (1.484291ms)
✔ runtime command foundation descriptors keep required error codes (0.098667ms)
✔ runtime command foundation descriptor resolver returns canonical entries (0.1005ms)
✔ runtime command encode determinism remains stable (14.569333ms)
✔ runtime dirty foundation descriptor set is complete (1.446ms)
✔ runtime dirty foundation mark keeps required error code (0.096875ms)
✔ runtime dirty foundation descriptor resolver returns canonical entries (0.065709ms)
✔ runtime document foundation descriptor set is complete (1.427917ms)
✔ runtime document foundation applyChangeSet keeps required error codes (0.090792ms)
✔ runtime document foundation descriptor resolver returns canonical entries (0.078166ms)
✔ runtime cache descriptor set is complete (1.913166ms)
✔ runtime cache descriptors keep required error semantics (0.131041ms)
✔ runtime cache descriptor resolver returns canonical entries (0.0875ms)
✔ runtime events descriptor set is complete (2.315291ms)
✔ runtime events critical descriptors keep required error codes (0.446834ms)
✔ runtime events descriptor resolver returns canonical entries (0.163375ms)
✔ runtime extension descriptor set is complete (3.4185ms)
✔ runtime extension descriptors keep required error semantics (0.394042ms)
✔ runtime extension descriptor resolver returns canonical entries (0.216708ms)
✔ runtime hooks descriptor set is complete (2.922417ms)
✔ runtime hooks descriptors keep required error semantics (0.496958ms)
✔ runtime hooks descriptor resolver returns canonical entries (0.234083ms)
✔ runtime observability foundation descriptor set is complete (4.2875ms)
✔ runtime observability foundation descriptors keep required error semantics (0.25575ms)
✔ runtime observability foundation descriptor resolver returns canonical entries (0.075875ms)
✔ runtime observability foundation determinism statements are explicit (0.065625ms)
✔ runtime plan foundation descriptor set is complete (1.7135ms)
✔ runtime plan foundation descriptors keep required semantics (0.121584ms)
✔ runtime plan foundation descriptor resolver returns canonical entries (0.06625ms)
✔ runtime plan foundation determinism statements are explicit (0.06425ms)
✔ runtime policy descriptor set is complete (6.615583ms)
✔ runtime policy descriptors keep required error semantics (0.454541ms)
✔ runtime policy descriptor resolver returns canonical entries (11.227084ms)
✔ runtime resource foundation descriptor set is complete (1.485792ms)
✔ runtime resource foundation descriptors keep required error semantics (0.095292ms)
✔ runtime resource foundation descriptor resolver returns canonical entries (0.063959ms)
✔ runtime resource foundation determinism statements are explicit (0.063875ms)
✔ runtime scheduler descriptor set is complete (1.41ms)
✔ runtime scheduler descriptors keep required error semantics (0.095ms)
✔ runtime scheduler descriptor resolver returns canonical entries (0.072125ms)
✔ runtime security descriptor set is complete (3.121042ms)
✔ runtime security descriptors keep required error semantics (0.395875ms)
✔ runtime security descriptor resolver returns canonical entries (0.084291ms)
✔ runtime world foundation descriptor set is complete (5.162ms)
✔ runtime world foundation descriptors keep required error code (0.431166ms)
✔ runtime world foundation descriptor resolver returns canonical entries (0.29525ms)
✔ runtime world snapshot generation stays deterministic (213.935167ms)
✔ createEngine event gating pause/resume for document view interaction resources diagnostics (21.7005ms)
✔ createEngine runtime foundation namespaces are callable (179.732666ms)
✔ createEngine hard-cut API parity (40.867ms)
✔ createEngine lifecycle parity fixture (25.859375ms)
✔ createEngine lifecycle and resize remain operational with orchestration path (18.617208ms)
✔ createEngine auto backend resolves canvas2d when surface carries canvas (0.643542ms)
✔ createEngine parity via canonical export path (2.175459ms)
✔ resolveCreateEngineFrame includes runtime strategy and budget decision (0.892416ms)
✔ createEngine replay diagnostics counters (24.221792ms)
✔ document/compiler replay sequence is deterministic (5.499959ms)
✔ document/compiler invalidation categories reflect revision transitions (0.238708ms)
✔ document store module snapshot creation parity (16.34275ms)
✔ document store module change-set apply parity (0.181ms)
✔ createEngineRuntimeShell stop cancels pending frame scheduling (2.39375ms)
✔ createEngineRuntimeShell dispose is terminal and idempotent (0.6995ms)
✔ createEngineRuntimeShell resize updates backend surface and stats (0.721917ms)
✔ frameBudgetBroker diagnostics low pressure reason (0.768041ms)
✔ frameBudgetBroker diagnostics high pressure reason aggregation (0.118625ms)
✔ frameBudgetBroker diagnostics medium reason helper (0.057667ms)
✔ headless modular runtime baseline profiles validate (7.336459ms)
✔ profile validator reports empty scenario replay payloads (0.232917ms)
✔ module registry resolves capabilities in deterministic first-provider order (0.196917ms)
✔ profile validator reports missing module requirements (0.122125ms)
✔ profile validator reports duplicate module ids (0.549333ms)
✔ browser and vector profiles preserve backend architecture priority (0.079541ms)
✔ capability access throws in strict profiles (0.184208ms)
✔ capability access warns in dev profiles (0.086667ms)
✔ vector profile exposes current app parity capabilities (0.0795ms)
✔ runtime builder assembles base runtime capability map (0.289291ms)
✔ runtime builder records module activation results (0.47675ms)
✔ runtime builder throws on invalid profiles (0.511625ms)
✔ runtime capability requirement blocks in strict mode (0.380167ms)
✔ runtime capability requirement warns in dev mode (0.427292ms)
✔ m0 module scaffold baseline behavior (15.415375ms)
✔ runtime capability map keeps canonical stable capability entries (2.2955ms)
✔ runtime capability registry remains single-source of truth for map generation (0.1275ms)
✔ runtime capability descriptors resolve from canonical key (0.179042ms)
✔ runtime capability map entries are executable on engine handle (262.618625ms)
✔ runtime capability map aligns with engine handle method contracts (118.810834ms)
✔ runtime capability schema version is stable positive integer (53.885334ms)
✔ runtime capability map covers all runtime foundation descriptor endpoints (0.925084ms)
✔ runtime capability entries require foundation mapping or non-foundation whitelist (0.557667ms)
✔ world module world projection parity (21.201667ms)
✔ vector dense scene scenario replay remains deterministic (218.721584ms)
✔ headless replay scenario remains deterministic (0.1885ms)
✔ scenario diagnostics snapshots remain deterministic (0.629333ms)
✔ scheduler module budget parity (6.386ms)
✔ createEngineSpatialIndex parity (167.747ms)
✔ spatial query module deterministic ids (43.442541ms)
✔ staged execution chain deterministic integration (10.379709ms)
✔ view module viewport facade parity (1.473417ms)
✔ webgl adapter probe resolves from canvas context availability (0.644542ms)
✔ webgpu adapter probe resolves from navigator gpu availability (0.22625ms)
✔ webgpu and webgl adapter stubs expose deterministic backend behavior (0.144875ms)
ℹ tests 116
ℹ suites 0
ℹ pass 116
ℹ fail 0
ℹ cancelled 0
ℹ skipped 0
ℹ todo 0
ℹ duration_ms 5623.875292
