src/api/createEngine.events-hooks.facade.ts(119,31): error TS2741: Property 'perType' is missing in type '{ totalTypes: number; totalListeners: number; pausedTypes: number; activeTypes: number; }' but required in type 'EngineEventListenerStats'.
src/api/createEngine.events-hooks.facade.ts(127,45): error TS2322: Type 'void' is not assignable to type '{ dispose: () => void; }'.
src/api/createEngine.events-hooks.facade.ts(133,44): error TS2322: Type 'void' is not assignable to type '{ dispose: () => void; }'.
src/api/createEngine.events-hooks.facade.ts(139,48): error TS2322: Type 'void' is not assignable to type '{ dispose: () => void; }'.
src/api/createEngine.events-hooks.facade.ts(145,47): error TS2322: Type 'void' is not assignable to type '{ dispose: () => void; }'.
src/api/createEngine.events-hooks.facade.ts(151,44): error TS2322: Type 'void' is not assignable to type '{ dispose: () => void; }'.
src/api/createEngine.events-hooks.facade.ts(157,43): error TS2322: Type 'void' is not assignable to type '{ dispose: () => void; }'.
src/api/createEngine.events-hooks.facade.ts(168,23): error TS2741: Property 'perStage' is missing in type '{ totalStages: number; totalListeners: number; stageListenerCounts: Readonly<Record<string, number>>; }' but required in type 'EngineHookListenerStats'.
src/api/createEngine.ts(3239,7): error TS2322: Type '() => { totalListeners: number; pausedTypes: readonly string[]; perType: Readonly<Record<string, number>>; }' is not assignable to type '() => { totalTypes: number; totalListeners: number; pausedTypes: number; activeTypes: number; }'.
  Type '{ totalListeners: number; pausedTypes: readonly string[]; perType: Readonly<Record<string, number>>; }' is missing the following properties from type '{ totalTypes: number; totalListeners: number; pausedTypes: number; activeTypes: number; }': totalTypes, activeTypes
src/api/createEngine.ts(3242,7): error TS2322: Type '() => { totalListeners: number; perStage: Readonly<Record<EngineHookStage, number>>; }' is not assignable to type '() => { totalStages: number; totalListeners: number; stageListenerCounts: Readonly<Record<string, number>>; }'.
  Type '{ totalListeners: number; perStage: Readonly<Record<EngineHookStage, number>>; }' is missing the following properties from type '{ totalStages: number; totalListeners: number; stageListenerCounts: Readonly<Record<string, number>>; }': totalStages, stageListenerCounts
undefined
/Users/yahone/projects/venus/packages/engine:
 ERR_PNPM_RECURSIVE_EXEC_FIRST_FAIL  Command failed with exit code 1: tsc -p tsconfig.json --noEmit
